{"level":"info","ts":"2024-08-08T19:37:33.405Z","msg":"[MARIADB] Successfully connected to MariaDB!","func":"mariadb.Connect","file":"/home/guang-shun-coin-action/pkg/mariadb/mariadb.go","line":37}
{"level":"info","ts":"2024-08-08T19:37:47.349Z","msg":"[SHOP] Successfully return product detail","func":"shop.detail","file":"/home/guang-shun-coin-action/api/shop/shop.go","line":323}
{"level":"info","ts":"2024-08-08T19:38:15.250Z","msg":"[SHOP] Successfully return product detail","func":"shop.detail","file":"/home/guang-shun-coin-action/api/shop/shop.go","line":323}
{"level":"info","ts":"2024-08-08T19:46:48.273Z","msg":"[SHOP] Successfully return product detail","func":"shop.detail","file":"/home/guang-shun-coin-action/api/shop/shop.go","line":323}
{"level":"info","ts":"2024-08-08T19:46:48.274Z","msg":"[SHOP] Successfully return product detail","func":"shop.detail","file":"/home/guang-shun-coin-action/api/shop/shop.go","line":323}
{"level":"info","ts":"2024-08-08T19:48:38.221Z","msg":"[SHOP] Successfully return product detail","func":"shop.detail","file":"/home/guang-shun-coin-action/api/shop/shop.go","line":323}
{"level":"info","ts":"2024-08-08T19:48:46.194Z","msg":"[SHOP] Successfully return product detail","func":"shop.detail","file":"/home/guang-shun-coin-action/api/shop/shop.go","line":323}
{"level":"info","ts":"2024-08-08T19:49:22.274Z","msg":"[SHOP] Successfully return product detail","func":"shop.detail","file":"/home/guang-shun-coin-action/api/shop/shop.go","line":323}
{"level":"info","ts":"2024-08-08T19:49:28.255Z","msg":"[SHOP] Successfully return product detail","func":"shop.detail","file":"/home/guang-shun-coin-action/api/shop/shop.go","line":323}
{"level":"info","ts":"2024-08-08T19:50:10.135Z","msg":"[SHOP] Successfully return product detail","func":"shop.detail","file":"/home/guang-shun-coin-action/api/shop/shop.go","line":323}
{"level":"info","ts":"2024-08-08T19:50:10.143Z","msg":"[SHOP] Successfully return product detail","func":"shop.detail","file":"/home/guang-shun-coin-action/api/shop/shop.go","line":323}
{"level":"info","ts":"2024-08-08T19:50:22.236Z","msg":"[SHOP] Successfully return product detail","func":"shop.detail","file":"/home/guang-shun-coin-action/api/shop/shop.go","line":323}
{"level":"info","ts":"2024-08-08T19:50:22.236Z","msg":"[SHOP] Successfully return product detail","func":"shop.detail","file":"/home/guang-shun-coin-action/api/shop/shop.go","line":323}
{"level":"info","ts":"2024-08-08T19:52:56.209Z","msg":"[SHOP] Successfully return product detail","func":"shop.detail","file":"/home/guang-shun-coin-action/api/shop/shop.go","line":323}
{"level":"info","ts":"2024-08-08T19:53:09.201Z","msg":"[SHOP] Successfully return product detail","func":"shop.detail","file":"/home/guang-shun-coin-action/api/shop/shop.go","line":323}
{"level":"info","ts":"2024-08-08T19:53:11.228Z","msg":"[SHOP] Successfully return product detail","func":"shop.detail","file":"/home/guang-shun-coin-action/api/shop/shop.go","line":323}
{"level":"info","ts":"2024-08-08T19:53:52.278Z","msg":"[SHOP] Successfully return product detail","func":"shop.detail","file":"/home/guang-shun-coin-action/api/shop/shop.go","line":323}
{"level":"info","ts":"2024-08-08T19:53:52.288Z","msg":"[SHOP] Successfully return product detail","func":"shop.detail","file":"/home/guang-shun-coin-action/api/shop/shop.go","line":323}
{"level":"info","ts":"2024-08-08T19:54:01.212Z","msg":"[SHOP] Successfully return product detail","func":"shop.detail","file":"/home/guang-shun-coin-action/api/shop/shop.go","line":323}
{"level":"info","ts":"2024-08-08T19:54:01.215Z","msg":"[SHOP] Successfully return product detail","func":"shop.detail","file":"/home/guang-shun-coin-action/api/shop/shop.go","line":323}
{"level":"info","ts":"2024-08-08T19:54:01.706Z","msg":"[SHOP] Successfully return product detail","func":"shop.detail","file":"/home/guang-shun-coin-action/api/shop/shop.go","line":323}
{"level":"info","ts":"2024-08-08T19:54:01.707Z","msg":"[SHOP] Successfully return product detail","func":"shop.detail","file":"/home/guang-shun-coin-action/api/shop/shop.go","line":323}
{"level":"info","ts":"2024-08-08T19:54:07.216Z","msg":"[SHOP] Successfully return product detail","func":"shop.detail","file":"/home/guang-shun-coin-action/api/shop/shop.go","line":323}
{"level":"info","ts":"2024-08-08T19:54:07.216Z","msg":"[SHOP] Successfully return product detail","func":"shop.detail","file":"/home/guang-shun-coin-action/api/shop/shop.go","line":323}
{"level":"info","ts":"2024-08-08T19:54:17.210Z","msg":"[SHOP] Successfully return product detail","func":"shop.detail","file":"/home/guang-shun-coin-action/api/shop/shop.go","line":323}
{"level":"info","ts":"2024-08-08T19:54:19.245Z","msg":"[SHOP] Successfully return product detail","func":"shop.detail","file":"/home/guang-shun-coin-action/api/shop/shop.go","line":323}
{"level":"info","ts":"2024-08-08T19:54:24.247Z","msg":"[SHOP] Successfully return product detail","func":"shop.detail","file":"/home/guang-shun-coin-action/api/shop/shop.go","line":323}
{"level":"info","ts":"2024-08-08T19:54:27.195Z","msg":"[SHOP] Successfully return product detail","func":"shop.detail","file":"/home/guang-shun-coin-action/api/shop/shop.go","line":323}
{"level":"info","ts":"2024-08-08T19:54:31.199Z","msg":"[SHOP] Successfully return product detail","func":"shop.detail","file":"/home/guang-shun-coin-action/api/shop/shop.go","line":323}
{"level":"info","ts":"2024-08-08T19:54:34.189Z","msg":"[SHOP] Successfully return product detail","func":"shop.detail","file":"/home/guang-shun-coin-action/api/shop/shop.go","line":323}
{"level":"info","ts":"2024-08-08T19:54:43.203Z","msg":"[SHOP] Successfully return product detail","func":"shop.detail","file":"/home/guang-shun-coin-action/api/shop/shop.go","line":323}
{"level":"info","ts":"2024-08-08T19:54:44.195Z","msg":"[SHOP] Successfully return product detail","func":"shop.detail","file":"/home/guang-shun-coin-action/api/shop/shop.go","line":323}
{"level":"info","ts":"2024-08-08T19:54:50.212Z","msg":"[SHOP] Successfully return product detail","func":"shop.detail","file":"/home/guang-shun-coin-action/api/shop/shop.go","line":323}
{"level":"info","ts":"2024-08-08T19:55:01.205Z","msg":"[SHOP] Successfully return product detail","func":"shop.detail","file":"/home/guang-shun-coin-action/api/shop/shop.go","line":323}
{"level":"info","ts":"2024-08-08T19:55:06.191Z","msg":"[SHOP] Successfully return product detail","func":"shop.detail","file":"/home/guang-shun-coin-action/api/shop/shop.go","line":323}
{"level":"info","ts":"2024-08-08T19:55:12.203Z","msg":"[SHOP] Successfully return product detail","func":"shop.detail","file":"/home/guang-shun-coin-action/api/shop/shop.go","line":323}
{"level":"info","ts":"2024-08-08T19:55:16.205Z","msg":"[SHOP] Successfully return product detail","func":"shop.detail","file":"/home/guang-shun-coin-action/api/shop/shop.go","line":323}
{"level":"info","ts":"2024-08-08T19:55:19.208Z","msg":"[SHOP] Successfully return product detail","func":"shop.detail","file":"/home/guang-shun-coin-action/api/shop/shop.go","line":323}
{"level":"info","ts":"2024-08-08T19:55:37.659Z","msg":"[SHOP] Successfully return product detail","func":"shop.detail","file":"/home/guang-shun-coin-action/api/shop/shop.go","line":323}
{"level":"info","ts":"2024-08-08T19:55:40.344Z","msg":"[SHOP] Successfully insert star info","func":"shop.star","file":"/home/guang-shun-coin-action/api/shop/shop.go","line":427}
{"level":"info","ts":"2024-08-08T19:55:41.572Z","msg":"[SHOP] Successfully insert star info","func":"shop.star","file":"/home/guang-shun-coin-action/api/shop/shop.go","line":427}
{"level":"info","ts":"2024-08-08T19:55:42.437Z","msg":"[SHOP] Successfully insert star info","func":"shop.star","file":"/home/guang-shun-coin-action/api/shop/shop.go","line":427}
{"level":"info","ts":"2024-08-08T19:55:52.955Z","msg":"[SHOP] Successfully insert star info","func":"shop.star","file":"/home/guang-shun-coin-action/api/shop/shop.go","line":427}
{"level":"info","ts":"2024-08-08T19:57:13.222Z","msg":"[SHOP] Successfully return product detail","func":"shop.detail","file":"/home/guang-shun-coin-action/api/shop/shop.go","line":323}
{"level":"info","ts":"2024-08-08T19:57:18.208Z","msg":"[SHOP] Successfully return product detail","func":"shop.detail","file":"/home/guang-shun-coin-action/api/shop/shop.go","line":323}
{"level":"info","ts":"2024-08-08T19:57:18.821Z","msg":"[SHOP] Successfully return product detail","func":"shop.detail","file":"/home/guang-shun-coin-action/api/shop/shop.go","line":323}
{"level":"info","ts":"2024-08-08T19:57:20.043Z","msg":"[SHOP] Successfully insert star info","func":"shop.star","file":"/home/guang-shun-coin-action/api/shop/shop.go","line":427}
{"level":"info","ts":"2024-08-08T19:57:30.363Z","msg":"[SHOP] Successfully insert star info","func":"shop.star","file":"/home/guang-shun-coin-action/api/shop/shop.go","line":427}
{"level":"info","ts":"2024-08-08T19:58:07.186Z","msg":"[SHOP] Successfully return product detail","func":"shop.detail","file":"/home/guang-shun-coin-action/api/shop/shop.go","line":323}
{"level":"info","ts":"2024-08-08T19:58:12.013Z","msg":"[SHOP] Successfully return product detail","func":"shop.detail","file":"/home/guang-shun-coin-action/api/shop/shop.go","line":323}
{"level":"info","ts":"2024-08-08T19:58:12.682Z","msg":"[SHOP] Successfully insert star info","func":"shop.star","file":"/home/guang-shun-coin-action/api/shop/shop.go","line":427}
{"level":"info","ts":"2024-08-08T19:58:12.698Z","msg":"[SHOP] Successfully return product detail","func":"shop.detail","file":"/home/guang-shun-coin-action/api/shop/shop.go","line":323}
{"level":"info","ts":"2024-08-08T19:58:13.343Z","msg":"[SHOP] Successfully insert star info","func":"shop.star","file":"/home/guang-shun-coin-action/api/shop/shop.go","line":427}
{"level":"info","ts":"2024-08-08T19:58:13.360Z","msg":"[SHOP] Successfully return product detail","func":"shop.detail","file":"/home/guang-shun-coin-action/api/shop/shop.go","line":323}
{"level":"info","ts":"2024-08-08T19:58:13.906Z","msg":"[SHOP] Successfully insert star info","func":"shop.star","file":"/home/guang-shun-coin-action/api/shop/shop.go","line":427}
{"level":"info","ts":"2024-08-08T19:58:13.940Z","msg":"[SHOP] Successfully return product detail","func":"shop.detail","file":"/home/guang-shun-coin-action/api/shop/shop.go","line":323}
{"level":"info","ts":"2024-08-08T19:58:14.935Z","msg":"[SHOP] Successfully insert star info","func":"shop.star","file":"/home/guang-shun-coin-action/api/shop/shop.go","line":427}
{"level":"info","ts":"2024-08-08T19:58:14.954Z","msg":"[SHOP] Successfully return product detail","func":"shop.detail","file":"/home/guang-shun-coin-action/api/shop/shop.go","line":323}
{"level":"info","ts":"2024-08-08T19:58:18.724Z","msg":"[SHOP] Successfully insert star info","func":"shop.star","file":"/home/guang-shun-coin-action/api/shop/shop.go","line":427}
{"level":"info","ts":"2024-08-08T19:58:18.785Z","msg":"[SHOP] Successfully return product detail","func":"shop.detail","file":"/home/guang-shun-coin-action/api/shop/shop.go","line":323}
{"level":"info","ts":"2024-08-08T19:58:19.651Z","msg":"[SHOP] Successfully insert star info","func":"shop.star","file":"/home/guang-shun-coin-action/api/shop/shop.go","line":427}
{"level":"info","ts":"2024-08-08T19:58:19.667Z","msg":"[SHOP] Successfully return product detail","func":"shop.detail","file":"/home/guang-shun-coin-action/api/shop/shop.go","line":323}
{"level":"info","ts":"2024-08-08T19:58:28.593Z","msg":"[SHOP] Successfully return all the products","func":"shop.product","file":"/home/guang-shun-coin-action/api/shop/shop.go","line":177}
{"level":"info","ts":"2024-08-08T19:58:28.596Z","msg":"[SHOP] Successfully return all the products","func":"shop.product","file":"/home/guang-shun-coin-action/api/shop/shop.go","line":177}
{"level":"info","ts":"2024-08-08T19:58:42.440Z","msg":"[SHOP] Successfully return product detail","func":"shop.detail","file":"/home/guang-shun-coin-action/api/shop/shop.go","line":323}
{"level":"info","ts":"2024-08-08T19:58:42.443Z","msg":"[SHOP] Successfully return product detail","func":"shop.detail","file":"/home/guang-shun-coin-action/api/shop/shop.go","line":323}
{"level":"info","ts":"2024-08-08T20:00:12.009Z","msg":"[SHOP] Successfully return all the products","func":"shop.product","file":"/home/guang-shun-coin-action/api/shop/shop.go","line":177}
{"level":"info","ts":"2024-08-08T20:00:12.011Z","msg":"[SHOP] Successfully return all the products","func":"shop.product","file":"/home/guang-shun-coin-action/api/shop/shop.go","line":177}
{"level":"info","ts":"2024-08-08T20:00:15.969Z","msg":"[ADMIN] Successfully return all the products","func":"admin.updateProductPage","file":"/home/guang-shun-coin-action/api/admin/admin.go","line":166}
{"level":"info","ts":"2024-08-08T20:00:15.971Z","msg":"[ADMIN] Successfully return all the products","func":"admin.updateProductPage","file":"/home/guang-shun-coin-action/api/admin/admin.go","line":166}
{"level":"info","ts":"2024-08-08T20:00:16.609Z","msg":"[Member] Successfully return total pages of history bid: 2","func":"member.totalPagesOfHistoryBid","file":"/home/guang-shun-coin-action/api/member/member.go","line":254}
{"level":"info","ts":"2024-08-08T20:00:16.610Z","msg":"[Member] Successfully return total pages of history bid: 2","func":"member.totalPagesOfHistoryBid","file":"/home/guang-shun-coin-action/api/member/member.go","line":254}
{"level":"info","ts":"2024-08-08T20:00:16.629Z","msg":"[Member] Successfully get historyBidList","func":"member.getHistoryBid","file":"/home/guang-shun-coin-action/api/member/member.go","line":237}
{"level":"info","ts":"2024-08-08T20:00:16.637Z","msg":"[Member] Successfully get historyBidList","func":"member.getHistoryBid","file":"/home/guang-shun-coin-action/api/member/member.go","line":237}
{"level":"info","ts":"2024-08-08T20:00:57.076Z","msg":"[ADMIN] Successfully return all the products","func":"admin.updateProductPage","file":"/home/guang-shun-coin-action/api/admin/admin.go","line":166}
{"level":"info","ts":"2024-08-08T20:00:57.086Z","msg":"[ADMIN] Successfully return all the products","func":"admin.updateProductPage","file":"/home/guang-shun-coin-action/api/admin/admin.go","line":166}
{"level":"info","ts":"2024-08-08T20:01:06.716Z","msg":"[Member] Successfully return total pages of history bid: 2","func":"member.totalPagesOfHistoryBid","file":"/home/guang-shun-coin-action/api/member/member.go","line":254}
{"level":"info","ts":"2024-08-08T20:01:06.727Z","msg":"[Member] Successfully return total pages of history bid: 2","func":"member.totalPagesOfHistoryBid","file":"/home/guang-shun-coin-action/api/member/member.go","line":254}
{"level":"info","ts":"2024-08-08T20:01:06.738Z","msg":"[Member] Successfully get historyBidList","func":"member.getHistoryBid","file":"/home/guang-shun-coin-action/api/member/member.go","line":237}
{"level":"info","ts":"2024-08-08T20:01:06.749Z","msg":"[Member] Successfully get historyBidList","func":"member.getHistoryBid","file":"/home/guang-shun-coin-action/api/member/member.go","line":237}
{"level":"info","ts":"2024-08-08T20:06:44.535Z","msg":"[SHOP] Successfully return all the products","func":"shop.product","file":"/home/guang-shun-coin-action/api/shop/shop.go","line":177}
{"level":"info","ts":"2024-08-08T20:06:44.537Z","msg":"[SHOP] Successfully return all the products","func":"shop.product","file":"/home/guang-shun-coin-action/api/shop/shop.go","line":177}
{"level":"info","ts":"2024-08-08T20:07:14.776Z","msg":"[ADMIN] Successfully return all the products","func":"admin.updateProductPage","file":"/home/guang-shun-coin-action/api/admin/admin.go","line":166}
{"level":"info","ts":"2024-08-08T20:07:14.815Z","msg":"[ADMIN] Successfully return all the products","func":"admin.updateProductPage","file":"/home/guang-shun-coin-action/api/admin/admin.go","line":166}
{"level":"info","ts":"2024-08-08T20:07:15.950Z","msg":"[Member] Successfully return total pages of history bid: 2","func":"member.totalPagesOfHistoryBid","file":"/home/guang-shun-coin-action/api/member/member.go","line":254}
{"level":"info","ts":"2024-08-08T20:07:15.962Z","msg":"[Member] Successfully return total pages of history bid: 2","func":"member.totalPagesOfHistoryBid","file":"/home/guang-shun-coin-action/api/member/member.go","line":254}
{"level":"info","ts":"2024-08-08T20:07:15.968Z","msg":"[Member] Successfully get historyBidList","func":"member.getHistoryBid","file":"/home/guang-shun-coin-action/api/member/member.go","line":237}
{"level":"info","ts":"2024-08-08T20:07:15.979Z","msg":"[Member] Successfully get historyBidList","func":"member.getHistoryBid","file":"/home/guang-shun-coin-action/api/member/member.go","line":237}
{"level":"info","ts":"2024-08-08T20:11:57.678Z","msg":"[SHOP] Successfully return all the products","func":"shop.product","file":"/home/guang-shun-coin-action/api/shop/shop.go","line":177}
{"level":"info","ts":"2024-08-08T20:11:57.688Z","msg":"[SHOP] Successfully return all the products","func":"shop.product","file":"/home/guang-shun-coin-action/api/shop/shop.go","line":177}
{"level":"info","ts":"2024-08-08T20:11:59.703Z","msg":"[SHOP] Successfully return product detail","func":"shop.detail","file":"/home/guang-shun-coin-action/api/shop/shop.go","line":323}
{"level":"info","ts":"2024-08-08T20:11:59.703Z","msg":"[SHOP] Successfully return product detail","func":"shop.detail","file":"/home/guang-shun-coin-action/api/shop/shop.go","line":323}
{"level":"info","ts":"2024-08-08T20:12:10.556Z","msg":"[SHOP] Successfully insert star info","func":"shop.star","file":"/home/guang-shun-coin-action/api/shop/shop.go","line":427}
{"level":"info","ts":"2024-08-08T20:12:10.575Z","msg":"[SHOP] Successfully return product detail","func":"shop.detail","file":"/home/guang-shun-coin-action/api/shop/shop.go","line":323}
{"level":"info","ts":"2024-08-08T20:12:11.206Z","msg":"[SHOP] Successfully insert star info","func":"shop.star","file":"/home/guang-shun-coin-action/api/shop/shop.go","line":427}
{"level":"info","ts":"2024-08-08T20:12:11.221Z","msg":"[SHOP] Successfully return product detail","func":"shop.detail","file":"/home/guang-shun-coin-action/api/shop/shop.go","line":323}
{"level":"info","ts":"2024-08-08T20:12:12.206Z","msg":"[SHOP] Successfully insert star info","func":"shop.star","file":"/home/guang-shun-coin-action/api/shop/shop.go","line":427}
{"level":"info","ts":"2024-08-08T20:12:12.231Z","msg":"[SHOP] Successfully return product detail","func":"shop.detail","file":"/home/guang-shun-coin-action/api/shop/shop.go","line":323}
{"level":"info","ts":"2024-08-08T20:12:12.876Z","msg":"[SHOP] Successfully insert star info","func":"shop.star","file":"/home/guang-shun-coin-action/api/shop/shop.go","line":427}
{"level":"info","ts":"2024-08-08T20:12:12.894Z","msg":"[SHOP] Successfully return product detail","func":"shop.detail","file":"/home/guang-shun-coin-action/api/shop/shop.go","line":323}
{"level":"info","ts":"2024-08-08T20:12:13.997Z","msg":"[SHOP] Successfully insert star info","func":"shop.star","file":"/home/guang-shun-coin-action/api/shop/shop.go","line":427}
{"level":"info","ts":"2024-08-08T20:12:14.050Z","msg":"[SHOP] Successfully return product detail","func":"shop.detail","file":"/home/guang-shun-coin-action/api/shop/shop.go","line":323}
{"level":"info","ts":"2024-08-08T20:12:14.900Z","msg":"[SHOP] Successfully insert star info","func":"shop.star","file":"/home/guang-shun-coin-action/api/shop/shop.go","line":427}
{"level":"info","ts":"2024-08-08T20:12:14.918Z","msg":"[SHOP] Successfully return product detail","func":"shop.detail","file":"/home/guang-shun-coin-action/api/shop/shop.go","line":323}
{"level":"info","ts":"2024-08-08T20:12:28.194Z","msg":"[SHOP] Successfully return all the products","func":"shop.product","file":"/home/guang-shun-coin-action/api/shop/shop.go","line":177}
{"level":"info","ts":"2024-08-08T20:12:28.208Z","msg":"[SHOP] Successfully return all the products","func":"shop.product","file":"/home/guang-shun-coin-action/api/shop/shop.go","line":177}
{"level":"info","ts":"2024-08-08T22:42:56.734Z","msg":"[SHOP] Successfully return all the products","func":"shop.product","file":"/home/guang-shun-coin-action/api/shop/shop.go","line":177}
{"level":"info","ts":"2024-08-08T22:42:56.741Z","msg":"[SHOP] Successfully return all the products","func":"shop.product","file":"/home/guang-shun-coin-action/api/shop/shop.go","line":177}
{"level":"info","ts":"2024-08-08T22:44:14.730Z","msg":"[SHOP] Successfully insert star info","func":"shop.star","file":"/home/guang-shun-coin-action/api/shop/shop.go","line":427}
{"level":"info","ts":"2024-08-08T22:44:15.499Z","msg":"[SHOP] Successfully insert star info","func":"shop.star","file":"/home/guang-shun-coin-action/api/shop/shop.go","line":427}
{"level":"info","ts":"2024-08-08T22:47:19.607Z","msg":"[Member] Successfully return total pages of history bid: 2","func":"member.totalPagesOfHistoryBid","file":"/home/guang-shun-coin-action/api/member/member.go","line":254}
{"level":"info","ts":"2024-08-08T22:47:19.612Z","msg":"[Member] Successfully return total pages of history bid: 2","func":"member.totalPagesOfHistoryBid","file":"/home/guang-shun-coin-action/api/member/member.go","line":254}
{"level":"info","ts":"2024-08-08T22:47:19.624Z","msg":"[Member] Successfully get historyBidList","func":"member.getHistoryBid","file":"/home/guang-shun-coin-action/api/member/member.go","line":237}
{"level":"info","ts":"2024-08-08T22:47:19.630Z","msg":"[Member] Successfully get historyBidList","func":"member.getHistoryBid","file":"/home/guang-shun-coin-action/api/member/member.go","line":237}
{"level":"info","ts":"2024-08-08T22:47:21.330Z","msg":"[ADMIN] Successfully return all the products","func":"admin.updateProductPage","file":"/home/guang-shun-coin-action/api/admin/admin.go","line":166}
{"level":"info","ts":"2024-08-08T22:47:21.332Z","msg":"[ADMIN] Successfully return all the products","func":"admin.updateProductPage","file":"/home/guang-shun-coin-action/api/admin/admin.go","line":166}
{"level":"info","ts":"2024-08-08T22:47:27.504Z","msg":"[ADMIN] Successfully return all the products","func":"admin.updateProductPage","file":"/home/guang-shun-coin-action/api/admin/admin.go","line":166}
{"level":"info","ts":"2024-08-08T22:47:27.504Z","msg":"[ADMIN] Successfully return all the products","func":"admin.updateProductPage","file":"/home/guang-shun-coin-action/api/admin/admin.go","line":166}
{"level":"info","ts":"2024-08-08T22:47:29.345Z","msg":"[SHOP] Successfully return product detail","func":"shop.detail","file":"/home/guang-shun-coin-action/api/shop/shop.go","line":323}
{"level":"info","ts":"2024-08-08T22:47:29.346Z","msg":"[SHOP] Successfully return product detail","func":"shop.detail","file":"/home/guang-shun-coin-action/api/shop/shop.go","line":323}
{"level":"info","ts":"2024-08-08T22:47:33.348Z","msg":"[ADMIN] Successfully return all the products","func":"admin.updateProductPage","file":"/home/guang-shun-coin-action/api/admin/admin.go","line":166}
{"level":"info","ts":"2024-08-08T22:47:33.349Z","msg":"[ADMIN] Successfully return all the products","func":"admin.updateProductPage","file":"/home/guang-shun-coin-action/api/admin/admin.go","line":166}
{"level":"info","ts":"2024-08-08T22:47:50.175Z","msg":"[SHOP] Successfully return all the products","func":"shop.product","file":"/home/guang-shun-coin-action/api/shop/shop.go","line":177}
{"level":"info","ts":"2024-08-08T22:47:50.184Z","msg":"[SHOP] Successfully return all the products","func":"shop.product","file":"/home/guang-shun-coin-action/api/shop/shop.go","line":177}
{"level":"info","ts":"2024-08-08T22:48:00.984Z","msg":"[SHOP] Successfully return product detail","func":"shop.detail","file":"/home/guang-shun-coin-action/api/shop/shop.go","line":323}
{"level":"info","ts":"2024-08-08T22:48:00.984Z","msg":"[SHOP] Successfully return product detail","func":"shop.detail","file":"/home/guang-shun-coin-action/api/shop/shop.go","line":323}
{"level":"info","ts":"2024-08-08T22:48:04.280Z","msg":"[SHOP] Successfully insert star info","func":"shop.star","file":"/home/guang-shun-coin-action/api/shop/shop.go","line":427}
{"level":"info","ts":"2024-08-08T22:48:04.327Z","msg":"[SHOP] Successfully return product detail","func":"shop.detail","file":"/home/guang-shun-coin-action/api/shop/shop.go","line":323}
{"level":"info","ts":"2024-08-08T22:48:05.650Z","msg":"[SHOP] Successfully return all the products","func":"shop.product","file":"/home/guang-shun-coin-action/api/shop/shop.go","line":177}
{"level":"info","ts":"2024-08-08T22:48:05.652Z","msg":"[SHOP] Successfully return all the products","func":"shop.product","file":"/home/guang-shun-coin-action/api/shop/shop.go","line":177}
{"level":"info","ts":"2024-08-08T22:48:08.144Z","msg":"[SHOP] Successfully return product detail","func":"shop.detail","file":"/home/guang-shun-coin-action/api/shop/shop.go","line":323}
{"level":"info","ts":"2024-08-08T22:48:08.144Z","msg":"[SHOP] Successfully return product detail","func":"shop.detail","file":"/home/guang-shun-coin-action/api/shop/shop.go","line":323}
{"level":"info","ts":"2024-08-08T22:48:09.795Z","msg":"[SHOP] Successfully insert star info","func":"shop.star","file":"/home/guang-shun-coin-action/api/shop/shop.go","line":427}
{"level":"info","ts":"2024-08-08T22:48:09.845Z","msg":"[SHOP] Successfully return product detail","func":"shop.detail","file":"/home/guang-shun-coin-action/api/shop/shop.go","line":323}
{"level":"info","ts":"2024-08-08T22:48:11.106Z","msg":"[SHOP] Successfully insert star info","func":"shop.star","file":"/home/guang-shun-coin-action/api/shop/shop.go","line":427}
{"level":"info","ts":"2024-08-08T22:48:11.135Z","msg":"[SHOP] Successfully return product detail","func":"shop.detail","file":"/home/guang-shun-coin-action/api/shop/shop.go","line":323}
{"level":"info","ts":"2024-08-08T22:48:12.349Z","msg":"[SHOP] Successfully return all the products","func":"shop.product","file":"/home/guang-shun-coin-action/api/shop/shop.go","line":177}
{"level":"info","ts":"2024-08-08T22:48:12.352Z","msg":"[SHOP] Successfully return all the products","func":"shop.product","file":"/home/guang-shun-coin-action/api/shop/shop.go","line":177}
{"level":"info","ts":"2024-08-08T22:48:17.592Z","msg":"[Member] Successfully return total pages of history bid: 2","func":"member.totalPagesOfHistoryBid","file":"/home/guang-shun-coin-action/api/member/member.go","line":254}
{"level":"info","ts":"2024-08-08T22:48:17.598Z","msg":"[Member] Successfully return total pages of history bid: 2","func":"member.totalPagesOfHistoryBid","file":"/home/guang-shun-coin-action/api/member/member.go","line":254}
{"level":"info","ts":"2024-08-08T22:48:17.610Z","msg":"[Member] Successfully get historyBidList","func":"member.getHistoryBid","file":"/home/guang-shun-coin-action/api/member/member.go","line":237}
{"level":"info","ts":"2024-08-08T22:48:17.616Z","msg":"[Member] Successfully get historyBidList","func":"member.getHistoryBid","file":"/home/guang-shun-coin-action/api/member/member.go","line":237}
{"level":"info","ts":"2024-08-09T08:23:44.552Z","msg":"[SHOP] Successfully return all the products","func":"shop.product","file":"/home/guang-shun-coin-action/api/shop/shop.go","line":177}
{"level":"info","ts":"2024-08-09T08:23:44.553Z","msg":"[SHOP] Successfully return all the products","func":"shop.product","file":"/home/guang-shun-coin-action/api/shop/shop.go","line":177}
{"level":"info","ts":"2024-08-09T08:23:50.352Z","msg":"[SHOP] Successfully return product detail","func":"shop.detail","file":"/home/guang-shun-coin-action/api/shop/shop.go","line":323}
{"level":"info","ts":"2024-08-09T08:23:50.358Z","msg":"[SHOP] Successfully return product detail","func":"shop.detail","file":"/home/guang-shun-coin-action/api/shop/shop.go","line":323}
{"level":"info","ts":"2024-08-09T08:23:52.520Z","msg":"[SHOP] Successfully return all the products","func":"shop.product","file":"/home/guang-shun-coin-action/api/shop/shop.go","line":177}
{"level":"info","ts":"2024-08-09T08:23:52.521Z","msg":"[SHOP] Successfully return all the products","func":"shop.product","file":"/home/guang-shun-coin-action/api/shop/shop.go","line":177}
{"level":"info","ts":"2024-08-09T08:23:53.450Z","msg":"[SHOP] Successfully return product detail","func":"shop.detail","file":"/home/guang-shun-coin-action/api/shop/shop.go","line":323}
{"level":"info","ts":"2024-08-09T08:23:53.450Z","msg":"[SHOP] Successfully return product detail","func":"shop.detail","file":"/home/guang-shun-coin-action/api/shop/shop.go","line":323}
{"level":"info","ts":"2024-08-09T08:23:56.881Z","msg":"[SHOP] Successfully return all the products","func":"shop.product","file":"/home/guang-shun-coin-action/api/shop/shop.go","line":177}
{"level":"info","ts":"2024-08-09T08:23:56.888Z","msg":"[SHOP] Successfully return all the products","func":"shop.product","file":"/home/guang-shun-coin-action/api/shop/shop.go","line":177}
{"level":"info","ts":"2024-08-09T08:23:58.075Z","msg":"[SHOP] Successfully return product detail","func":"shop.detail","file":"/home/guang-shun-coin-action/api/shop/shop.go","line":323}
{"level":"info","ts":"2024-08-09T08:23:58.075Z","msg":"[SHOP] Successfully return product detail","func":"shop.detail","file":"/home/guang-shun-coin-action/api/shop/shop.go","line":323}
{"level":"info","ts":"2024-08-09T08:25:08.256Z","msg":"[SHOP] Successfully return product detail","func":"shop.detail","file":"/home/guang-shun-coin-action/api/shop/shop.go","line":323}
{"level":"info","ts":"2024-08-09T08:25:12.276Z","msg":"[SHOP] Successfully return product detail","func":"shop.detail","file":"/home/guang-shun-coin-action/api/shop/shop.go","line":323}
{"level":"info","ts":"2024-08-09T08:25:16.243Z","msg":"[SHOP] Successfully return product detail","func":"shop.detail","file":"/home/guang-shun-coin-action/api/shop/shop.go","line":323}
{"level":"info","ts":"2024-08-09T08:25:18.741Z","msg":"[SHOP] Successfully return product detail","func":"shop.detail","file":"/home/guang-shun-coin-action/api/shop/shop.go","line":323}
{"level":"info","ts":"2024-08-09T08:25:23.685Z","msg":"[SHOP] Successfully return all the products","func":"shop.product","file":"/home/guang-shun-coin-action/api/shop/shop.go","line":177}
{"level":"info","ts":"2024-08-09T08:25:23.685Z","msg":"[SHOP] Successfully return all the products","func":"shop.product","file":"/home/guang-shun-coin-action/api/shop/shop.go","line":177}
{"level":"info","ts":"2024-08-09T08:27:14.095Z","msg":"[Member] Successfully return total pages of history bid: 2","func":"member.totalPagesOfHistoryBid","file":"/home/guang-shun-coin-action/api/member/member.go","line":254}
{"level":"info","ts":"2024-08-09T08:27:14.100Z","msg":"[Member] Successfully return total pages of history bid: 2","func":"member.totalPagesOfHistoryBid","file":"/home/guang-shun-coin-action/api/member/member.go","line":254}
{"level":"info","ts":"2024-08-09T08:27:14.113Z","msg":"[Member] Successfully get historyBidList","func":"member.getHistoryBid","file":"/home/guang-shun-coin-action/api/member/member.go","line":237}
{"level":"info","ts":"2024-08-09T08:27:14.118Z","msg":"[Member] Successfully get historyBidList","func":"member.getHistoryBid","file":"/home/guang-shun-coin-action/api/member/member.go","line":237}
{"level":"info","ts":"2024-08-09T08:41:25.484Z","msg":"[Member] Successfully return total pages of history bid: 2","func":"member.totalPagesOfHistoryBid","file":"/home/guang-shun-coin-action/api/member/member.go","line":254}
{"level":"info","ts":"2024-08-09T08:41:25.496Z","msg":"[Member] Successfully get historyBidList","func":"member.getHistoryBid","file":"/home/guang-shun-coin-action/api/member/member.go","line":237}
{"level":"info","ts":"2024-08-09T08:41:26.280Z","msg":"[Member] Successfully return total pages of history bid: 2","func":"member.totalPagesOfHistoryBid","file":"/home/guang-shun-coin-action/api/member/member.go","line":254}
{"level":"info","ts":"2024-08-09T08:41:26.285Z","msg":"[Member] Successfully get historyBidList","func":"member.getHistoryBid","file":"/home/guang-shun-coin-action/api/member/member.go","line":237}
{"level":"info","ts":"2024-08-09T08:41:28.537Z","msg":"[Member] Successfully return total pages of history bid: 2","func":"member.totalPagesOfHistoryBid","file":"/home/guang-shun-coin-action/api/member/member.go","line":254}
{"level":"info","ts":"2024-08-09T08:41:28.554Z","msg":"[Member] Successfully get historyBidList","func":"member.getHistoryBid","file":"/home/guang-shun-coin-action/api/member/member.go","line":237}
{"level":"info","ts":"2024-08-09T08:42:02.950Z","msg":"[SHOP] Successfully return all the products","func":"shop.product","file":"/home/guang-shun-coin-action/api/shop/shop.go","line":177}
{"level":"info","ts":"2024-08-09T08:42:02.954Z","msg":"[SHOP] Successfully return all the products","func":"shop.product","file":"/home/guang-shun-coin-action/api/shop/shop.go","line":177}
{"level":"info","ts":"2024-08-09T08:42:04.088Z","msg":"[Member] Successfully return total pages of history bid: 2","func":"member.totalPagesOfHistoryBid","file":"/home/guang-shun-coin-action/api/member/member.go","line":254}
{"level":"info","ts":"2024-08-09T08:42:04.094Z","msg":"[Member] Successfully return total pages of history bid: 2","func":"member.totalPagesOfHistoryBid","file":"/home/guang-shun-coin-action/api/member/member.go","line":254}
{"level":"info","ts":"2024-08-09T08:42:04.105Z","msg":"[Member] Successfully get historyBidList","func":"member.getHistoryBid","file":"/home/guang-shun-coin-action/api/member/member.go","line":237}
{"level":"info","ts":"2024-08-09T08:42:04.110Z","msg":"[Member] Successfully get historyBidList","func":"member.getHistoryBid","file":"/home/guang-shun-coin-action/api/member/member.go","line":237}
{"level":"info","ts":"2024-08-09T08:42:12.092Z","msg":"[ADMIN] Successfully return all the products","func":"admin.updateProductPage","file":"/home/guang-shun-coin-action/api/admin/admin.go","line":166}
{"level":"info","ts":"2024-08-09T08:42:12.093Z","msg":"[ADMIN] Successfully return all the products","func":"admin.updateProductPage","file":"/home/guang-shun-coin-action/api/admin/admin.go","line":166}
{"level":"info","ts":"2024-08-09T08:42:12.998Z","msg":"[Member] Successfully return total pages of history bid: 2","func":"member.totalPagesOfHistoryBid","file":"/home/guang-shun-coin-action/api/member/member.go","line":254}
{"level":"info","ts":"2024-08-09T08:42:13.000Z","msg":"[Member] Successfully return total pages of history bid: 2","func":"member.totalPagesOfHistoryBid","file":"/home/guang-shun-coin-action/api/member/member.go","line":254}
{"level":"info","ts":"2024-08-09T08:42:13.008Z","msg":"[Member] Successfully get historyBidList","func":"member.getHistoryBid","file":"/home/guang-shun-coin-action/api/member/member.go","line":237}
{"level":"info","ts":"2024-08-09T08:42:13.019Z","msg":"[Member] Successfully get historyBidList","func":"member.getHistoryBid","file":"/home/guang-shun-coin-action/api/member/member.go","line":237}
{"level":"info","ts":"2024-08-09T08:42:14.019Z","msg":"[SHOP] Successfully return all the products","func":"shop.product","file":"/home/guang-shun-coin-action/api/shop/shop.go","line":177}
{"level":"info","ts":"2024-08-09T08:42:14.033Z","msg":"[SHOP] Successfully return all the products","func":"shop.product","file":"/home/guang-shun-coin-action/api/shop/shop.go","line":177}
{"level":"info","ts":"2024-08-09T08:42:15.375Z","msg":"[SHOP] Successfully return all the products","func":"shop.product","file":"/home/guang-shun-coin-action/api/shop/shop.go","line":177}
{"level":"info","ts":"2024-08-09T08:42:15.379Z","msg":"[SHOP] Successfully return all the products","func":"shop.product","file":"/home/guang-shun-coin-action/api/shop/shop.go","line":177}
{"level":"info","ts":"2024-08-09T08:42:15.753Z","msg":"[Member] Successfully return total pages of history bid: 2","func":"member.totalPagesOfHistoryBid","file":"/home/guang-shun-coin-action/api/member/member.go","line":254}
{"level":"info","ts":"2024-08-09T08:42:15.753Z","msg":"[Member] Successfully return total pages of history bid: 2","func":"member.totalPagesOfHistoryBid","file":"/home/guang-shun-coin-action/api/member/member.go","line":254}
{"level":"info","ts":"2024-08-09T08:42:15.762Z","msg":"[Member] Successfully get historyBidList","func":"member.getHistoryBid","file":"/home/guang-shun-coin-action/api/member/member.go","line":237}
{"level":"info","ts":"2024-08-09T08:42:15.769Z","msg":"[Member] Successfully get historyBidList","func":"member.getHistoryBid","file":"/home/guang-shun-coin-action/api/member/member.go","line":237}
{"level":"info","ts":"2024-08-09T08:42:23.442Z","msg":"[User] Successfully return user info: 809e5e8f-1cee-444e-ac20-f9e476dcc580","func":"user.getUserInfo","file":"/home/guang-shun-coin-action/api/user/user.go","line":222}
{"level":"info","ts":"2024-08-09T08:42:23.443Z","msg":"[User] Successfully return user info: 809e5e8f-1cee-444e-ac20-f9e476dcc580","func":"user.getUserInfo","file":"/home/guang-shun-coin-action/api/user/user.go","line":222}
{"level":"info","ts":"2024-08-09T08:42:28.078Z","msg":"[SHOP] Successfully return all the products","func":"shop.product","file":"/home/guang-shun-coin-action/api/shop/shop.go","line":177}
{"level":"info","ts":"2024-08-09T08:42:28.078Z","msg":"[SHOP] Successfully return all the products","func":"shop.product","file":"/home/guang-shun-coin-action/api/shop/shop.go","line":177}
{"level":"info","ts":"2024-08-09T08:42:28.619Z","msg":"[User] Successfully return user info: 809e5e8f-1cee-444e-ac20-f9e476dcc580","func":"user.getUserInfo","file":"/home/guang-shun-coin-action/api/user/user.go","line":222}
{"level":"info","ts":"2024-08-09T08:42:28.619Z","msg":"[User] Successfully return user info: 809e5e8f-1cee-444e-ac20-f9e476dcc580","func":"user.getUserInfo","file":"/home/guang-shun-coin-action/api/user/user.go","line":222}
{"level":"info","ts":"2024-08-09T08:42:29.568Z","msg":"[SHOP] Successfully return all the products","func":"shop.product","file":"/home/guang-shun-coin-action/api/shop/shop.go","line":177}
{"level":"info","ts":"2024-08-09T08:42:29.571Z","msg":"[SHOP] Successfully return all the products","func":"shop.product","file":"/home/guang-shun-coin-action/api/shop/shop.go","line":177}
{"level":"info","ts":"2024-08-09T08:42:40.553Z","msg":"[Member] Successfully return total pages of history bid: 2","func":"member.totalPagesOfHistoryBid","file":"/home/guang-shun-coin-action/api/member/member.go","line":254}
{"level":"info","ts":"2024-08-09T08:42:40.557Z","msg":"[Member] Successfully return total pages of history bid: 2","func":"member.totalPagesOfHistoryBid","file":"/home/guang-shun-coin-action/api/member/member.go","line":254}
{"level":"info","ts":"2024-08-09T08:42:40.570Z","msg":"[Member] Successfully get historyBidList","func":"member.getHistoryBid","file":"/home/guang-shun-coin-action/api/member/member.go","line":237}
{"level":"info","ts":"2024-08-09T08:42:40.575Z","msg":"[Member] Successfully get historyBidList","func":"member.getHistoryBid","file":"/home/guang-shun-coin-action/api/member/member.go","line":237}
{"level":"info","ts":"2024-08-09T08:43:01.264Z","msg":"[Member] Successfully get historyBidList","func":"member.getHistoryBid","file":"/home/guang-shun-coin-action/api/member/member.go","line":237}
{"level":"info","ts":"2024-08-09T08:43:01.282Z","msg":"[Member] Successfully return total pages of history bid: 2","func":"member.totalPagesOfHistoryBid","file":"/home/guang-shun-coin-action/api/member/member.go","line":254}
{"level":"info","ts":"2024-08-09T08:43:01.781Z","msg":"[Member] Successfully return total pages of history bid: 2","func":"member.totalPagesOfHistoryBid","file":"/home/guang-shun-coin-action/api/member/member.go","line":254}
{"level":"info","ts":"2024-08-09T08:43:01.783Z","msg":"[Member] Successfully get historyBidList","func":"member.getHistoryBid","file":"/home/guang-shun-coin-action/api/member/member.go","line":237}
{"level":"info","ts":"2024-08-09T08:43:02.769Z","msg":"[Member] Successfully return total pages of history bid: 2","func":"member.totalPagesOfHistoryBid","file":"/home/guang-shun-coin-action/api/member/member.go","line":254}
{"level":"info","ts":"2024-08-09T08:43:02.829Z","msg":"[Member] Successfully get historyBidList","func":"member.getHistoryBid","file":"/home/guang-shun-coin-action/api/member/member.go","line":237}
{"level":"info","ts":"2024-08-09T08:43:09.643Z","msg":"[Member] Successfully return total pages of history bid: 2","func":"member.totalPagesOfHistoryBid","file":"/home/guang-shun-coin-action/api/member/member.go","line":254}
{"level":"info","ts":"2024-08-09T08:43:09.706Z","msg":"[Member] Successfully get historyBidList","func":"member.getHistoryBid","file":"/home/guang-shun-coin-action/api/member/member.go","line":237}
{"level":"info","ts":"2024-08-09T08:43:18.299Z","msg":"[ADMIN] Successfully return all the products","func":"admin.updateProductPage","file":"/home/guang-shun-coin-action/api/admin/admin.go","line":166}
{"level":"info","ts":"2024-08-09T08:43:18.305Z","msg":"[ADMIN] Successfully return all the products","func":"admin.updateProductPage","file":"/home/guang-shun-coin-action/api/admin/admin.go","line":166}
{"level":"info","ts":"2024-08-09T08:43:19.671Z","msg":"[SHOP] Successfully return product detail","func":"shop.detail","file":"/home/guang-shun-coin-action/api/shop/shop.go","line":323}
{"level":"info","ts":"2024-08-09T08:43:19.672Z","msg":"[SHOP] Successfully return product detail","func":"shop.detail","file":"/home/guang-shun-coin-action/api/shop/shop.go","line":323}
{"level":"info","ts":"2024-08-09T08:43:48.800Z","msg":"[Member] Successfully return total pages of history bid: 2","func":"member.totalPagesOfHistoryBid","file":"/home/guang-shun-coin-action/api/member/member.go","line":254}
{"level":"info","ts":"2024-08-09T08:43:48.810Z","msg":"[Member] Successfully return total pages of history bid: 2","func":"member.totalPagesOfHistoryBid","file":"/home/guang-shun-coin-action/api/member/member.go","line":254}
{"level":"info","ts":"2024-08-09T08:43:48.818Z","msg":"[Member] Successfully get historyBidList","func":"member.getHistoryBid","file":"/home/guang-shun-coin-action/api/member/member.go","line":237}
{"level":"info","ts":"2024-08-09T08:43:48.827Z","msg":"[Member] Successfully get historyBidList","func":"member.getHistoryBid","file":"/home/guang-shun-coin-action/api/member/member.go","line":237}
{"level":"info","ts":"2024-08-09T08:45:42.290Z","msg":"[SHOP] Successfully return product detail","func":"shop.detail","file":"/home/guang-shun-coin-action/api/shop/shop.go","line":323}
{"level":"info","ts":"2024-08-09T08:45:42.294Z","msg":"[SHOP] Successfully return product detail","func":"shop.detail","file":"/home/guang-shun-coin-action/api/shop/shop.go","line":323}
{"level":"info","ts":"2024-08-09T08:45:44.626Z","msg":"[Member] Successfully return total pages of history bid: 2","func":"member.totalPagesOfHistoryBid","file":"/home/guang-shun-coin-action/api/member/member.go","line":254}
{"level":"info","ts":"2024-08-09T08:45:44.638Z","msg":"[Member] Successfully get historyBidList","func":"member.getHistoryBid","file":"/home/guang-shun-coin-action/api/member/member.go","line":237}
{"level":"info","ts":"2024-08-09T08:45:44.657Z","msg":"[Member] Successfully return total pages of history bid: 2","func":"member.totalPagesOfHistoryBid","file":"/home/guang-shun-coin-action/api/member/member.go","line":254}
{"level":"info","ts":"2024-08-09T08:45:44.666Z","msg":"[Member] Successfully get historyBidList","func":"member.getHistoryBid","file":"/home/guang-shun-coin-action/api/member/member.go","line":237}
{"level":"info","ts":"2024-08-09T08:45:45.639Z","msg":"[SHOP] Successfully return product detail","func":"shop.detail","file":"/home/guang-shun-coin-action/api/shop/shop.go","line":323}
{"level":"info","ts":"2024-08-09T08:45:45.676Z","msg":"[SHOP] Successfully return product detail","func":"shop.detail","file":"/home/guang-shun-coin-action/api/shop/shop.go","line":323}
{"level":"info","ts":"2024-08-09T08:45:50.516Z","msg":"[Member] Successfully return total pages of history bid: 2","func":"member.totalPagesOfHistoryBid","file":"/home/guang-shun-coin-action/api/member/member.go","line":254}
{"level":"info","ts":"2024-08-09T08:45:50.518Z","msg":"[Member] Successfully return total pages of history bid: 2","func":"member.totalPagesOfHistoryBid","file":"/home/guang-shun-coin-action/api/member/member.go","line":254}
{"level":"info","ts":"2024-08-09T08:45:50.541Z","msg":"[Member] Successfully get historyBidList","func":"member.getHistoryBid","file":"/home/guang-shun-coin-action/api/member/member.go","line":237}
{"level":"info","ts":"2024-08-09T08:45:50.542Z","msg":"[Member] Successfully get historyBidList","func":"member.getHistoryBid","file":"/home/guang-shun-coin-action/api/member/member.go","line":237}
{"level":"info","ts":"2024-08-09T08:46:05.025Z","msg":"[SHOP] Successfully return all the products","func":"shop.product","file":"/home/guang-shun-coin-action/api/shop/shop.go","line":177}
{"level":"info","ts":"2024-08-09T08:46:05.025Z","msg":"[SHOP] Successfully return all the products","func":"shop.product","file":"/home/guang-shun-coin-action/api/shop/shop.go","line":177}
{"level":"info","ts":"2024-08-09T08:46:06.899Z","msg":"[SHOP] Successfully return product detail","func":"shop.detail","file":"/home/guang-shun-coin-action/api/shop/shop.go","line":323}
{"level":"info","ts":"2024-08-09T08:46:06.950Z","msg":"[SHOP] Successfully return product detail","func":"shop.detail","file":"/home/guang-shun-coin-action/api/shop/shop.go","line":323}
{"level":"info","ts":"2024-08-09T08:46:18.356Z","msg":"[Member] Successfully return total pages of history bid: 2","func":"member.totalPagesOfHistoryBid","file":"/home/guang-shun-coin-action/api/member/member.go","line":254}
{"level":"info","ts":"2024-08-09T08:46:18.357Z","msg":"[Member] Successfully return total pages of history bid: 2","func":"member.totalPagesOfHistoryBid","file":"/home/guang-shun-coin-action/api/member/member.go","line":254}
{"level":"info","ts":"2024-08-09T08:46:18.369Z","msg":"[Member] Successfully get historyBidList","func":"member.getHistoryBid","file":"/home/guang-shun-coin-action/api/member/member.go","line":237}
{"level":"info","ts":"2024-08-09T08:46:18.372Z","msg":"[Member] Successfully get historyBidList","func":"member.getHistoryBid","file":"/home/guang-shun-coin-action/api/member/member.go","line":237}
{"level":"info","ts":"2024-08-09T08:50:28.762Z","msg":"[ADMIN] Successfully return all the products","func":"admin.updateProductPage","file":"/home/guang-shun-coin-action/api/admin/admin.go","line":166}
{"level":"info","ts":"2024-08-09T08:50:28.806Z","msg":"[ADMIN] Successfully return all the products","func":"admin.updateProductPage","file":"/home/guang-shun-coin-action/api/admin/admin.go","line":166}
{"level":"info","ts":"2024-08-09T08:50:40.379Z","msg":"[ADMIN] Successfully return all the products","func":"admin.updateProductPage","file":"/home/guang-shun-coin-action/api/admin/admin.go","line":166}
{"level":"info","ts":"2024-08-09T08:50:41.763Z","msg":"[ADMIN] Successfully return all the products","func":"admin.updateProductPage","file":"/home/guang-shun-coin-action/api/admin/admin.go","line":166}
{"level":"info","ts":"2024-08-09T08:50:45.142Z","msg":"[SHOP] Successfully return all the products","func":"shop.product","file":"/home/guang-shun-coin-action/api/shop/shop.go","line":177}
{"level":"info","ts":"2024-08-09T08:50:45.147Z","msg":"[SHOP] Successfully return all the products","func":"shop.product","file":"/home/guang-shun-coin-action/api/shop/shop.go","line":177}
{"level":"info","ts":"2024-08-09T08:50:52.902Z","msg":"[Member] Successfully return total pages of history bid: 2","func":"member.totalPagesOfHistoryBid","file":"/home/guang-shun-coin-action/api/member/member.go","line":254}
{"level":"info","ts":"2024-08-09T08:50:52.911Z","msg":"[Member] Successfully return total pages of history bid: 2","func":"member.totalPagesOfHistoryBid","file":"/home/guang-shun-coin-action/api/member/member.go","line":254}
{"level":"info","ts":"2024-08-09T08:50:52.921Z","msg":"[Member] Successfully get historyBidList","func":"member.getHistoryBid","file":"/home/guang-shun-coin-action/api/member/member.go","line":237}
{"level":"info","ts":"2024-08-09T08:50:52.929Z","msg":"[Member] Successfully get historyBidList","func":"member.getHistoryBid","file":"/home/guang-shun-coin-action/api/member/member.go","line":237}
{"level":"info","ts":"2024-08-09T08:50:57.712Z","msg":"[SHOP] Successfully return all the products","func":"shop.product","file":"/home/guang-shun-coin-action/api/shop/shop.go","line":177}
{"level":"info","ts":"2024-08-09T08:50:57.715Z","msg":"[SHOP] Successfully return all the products","func":"shop.product","file":"/home/guang-shun-coin-action/api/shop/shop.go","line":177}
{"level":"info","ts":"2024-08-09T08:51:06.072Z","msg":"[User] Successfully return user info: 809e5e8f-1cee-444e-ac20-f9e476dcc580","func":"user.getUserInfo","file":"/home/guang-shun-coin-action/api/user/user.go","line":222}
{"level":"info","ts":"2024-08-09T08:51:06.072Z","msg":"[User] Successfully return user info: 809e5e8f-1cee-444e-ac20-f9e476dcc580","func":"user.getUserInfo","file":"/home/guang-shun-coin-action/api/user/user.go","line":222}
{"level":"info","ts":"2024-08-09T08:51:10.216Z","msg":"[User] Successfully return user info: 809e5e8f-1cee-444e-ac20-f9e476dcc580","func":"user.getUserInfo","file":"/home/guang-shun-coin-action/api/user/user.go","line":222}
{"level":"info","ts":"2024-08-09T08:51:10.216Z","msg":"[User] Successfully return user info: 809e5e8f-1cee-444e-ac20-f9e476dcc580","func":"user.getUserInfo","file":"/home/guang-shun-coin-action/api/user/user.go","line":222}
{"level":"info","ts":"2024-08-09T08:51:11.147Z","msg":"[SHOP] Successfully return all the products","func":"shop.product","file":"/home/guang-shun-coin-action/api/shop/shop.go","line":177}
{"level":"info","ts":"2024-08-09T08:51:11.193Z","msg":"[SHOP] Successfully return all the products","func":"shop.product","file":"/home/guang-shun-coin-action/api/shop/shop.go","line":177}
{"level":"info","ts":"2024-08-09T08:51:13.984Z","msg":"[Member] Successfully return total pages of history bid: 2","func":"member.totalPagesOfHistoryBid","file":"/home/guang-shun-coin-action/api/member/member.go","line":254}
{"level":"info","ts":"2024-08-09T08:51:13.985Z","msg":"[Member] Successfully return total pages of history bid: 2","func":"member.totalPagesOfHistoryBid","file":"/home/guang-shun-coin-action/api/member/member.go","line":254}
{"level":"info","ts":"2024-08-09T08:51:13.996Z","msg":"[Member] Successfully get historyBidList","func":"member.getHistoryBid","file":"/home/guang-shun-coin-action/api/member/member.go","line":237}
{"level":"info","ts":"2024-08-09T08:51:13.999Z","msg":"[Member] Successfully get historyBidList","func":"member.getHistoryBid","file":"/home/guang-shun-coin-action/api/member/member.go","line":237}
{"level":"info","ts":"2024-08-09T08:51:18.085Z","msg":"[SHOP] Successfully return all the products","func":"shop.product","file":"/home/guang-shun-coin-action/api/shop/shop.go","line":177}
{"level":"info","ts":"2024-08-09T08:51:18.092Z","msg":"[SHOP] Successfully return all the products","func":"shop.product","file":"/home/guang-shun-coin-action/api/shop/shop.go","line":177}
{"level":"info","ts":"2024-08-09T08:52:31.963Z","msg":"[Member] Successfully return total pages of history bid: 2","func":"member.totalPagesOfHistoryBid","file":"/home/guang-shun-coin-action/api/member/member.go","line":254}
{"level":"info","ts":"2024-08-09T08:52:31.963Z","msg":"[Member] Successfully return total pages of history bid: 2","func":"member.totalPagesOfHistoryBid","file":"/home/guang-shun-coin-action/api/member/member.go","line":254}
{"level":"info","ts":"2024-08-09T08:52:31.978Z","msg":"[Member] Successfully get historyBidList","func":"member.getHistoryBid","file":"/home/guang-shun-coin-action/api/member/member.go","line":237}
{"level":"info","ts":"2024-08-09T08:52:31.979Z","msg":"[Member] Successfully get historyBidList","func":"member.getHistoryBid","file":"/home/guang-shun-coin-action/api/member/member.go","line":237}
{"level":"info","ts":"2024-08-09T08:59:26.239Z","msg":"[User] Successfully return user info: 809e5e8f-1cee-444e-ac20-f9e476dcc580","func":"user.getUserInfo","file":"/home/guang-shun-coin-action/api/user/user.go","line":222}
{"level":"info","ts":"2024-08-09T08:59:26.243Z","msg":"[User] Successfully return user info: 809e5e8f-1cee-444e-ac20-f9e476dcc580","func":"user.getUserInfo","file":"/home/guang-shun-coin-action/api/user/user.go","line":222}
{"level":"info","ts":"2024-08-09T08:59:29.215Z","msg":"[User] Successfully return user info: 809e5e8f-1cee-444e-ac20-f9e476dcc580","func":"user.getUserInfo","file":"/home/guang-shun-coin-action/api/user/user.go","line":222}
{"level":"info","ts":"2024-08-09T08:59:29.216Z","msg":"[User] Successfully return user info: 809e5e8f-1cee-444e-ac20-f9e476dcc580","func":"user.getUserInfo","file":"/home/guang-shun-coin-action/api/user/user.go","line":222}
{"level":"info","ts":"2024-08-09T08:59:31.639Z","msg":"[User] Successfully return user info: 809e5e8f-1cee-444e-ac20-f9e476dcc580","func":"user.getUserInfo","file":"/home/guang-shun-coin-action/api/user/user.go","line":222}
{"level":"info","ts":"2024-08-09T08:59:31.639Z","msg":"[User] Successfully return user info: 809e5e8f-1cee-444e-ac20-f9e476dcc580","func":"user.getUserInfo","file":"/home/guang-shun-coin-action/api/user/user.go","line":222}
{"level":"info","ts":"2024-08-09T08:59:40.250Z","msg":"[User] Successfully return user info: 809e5e8f-1cee-444e-ac20-f9e476dcc580","func":"user.getUserInfo","file":"/home/guang-shun-coin-action/api/user/user.go","line":222}
{"level":"info","ts":"2024-08-09T08:59:40.250Z","msg":"[User] Successfully return user info: 809e5e8f-1cee-444e-ac20-f9e476dcc580","func":"user.getUserInfo","file":"/home/guang-shun-coin-action/api/user/user.go","line":222}
{"level":"info","ts":"2024-08-09T08:59:43.120Z","msg":"[SHOP] Successfully return all the products","func":"shop.product","file":"/home/guang-shun-coin-action/api/shop/shop.go","line":177}
{"level":"info","ts":"2024-08-09T08:59:43.123Z","msg":"[SHOP] Successfully return all the products","func":"shop.product","file":"/home/guang-shun-coin-action/api/shop/shop.go","line":177}
{"level":"info","ts":"2024-08-09T08:59:46.986Z","msg":"[User] Successfully return user info: 809e5e8f-1cee-444e-ac20-f9e476dcc580","func":"user.getUserInfo","file":"/home/guang-shun-coin-action/api/user/user.go","line":222}
{"level":"info","ts":"2024-08-09T08:59:46.986Z","msg":"[User] Successfully return user info: 809e5e8f-1cee-444e-ac20-f9e476dcc580","func":"user.getUserInfo","file":"/home/guang-shun-coin-action/api/user/user.go","line":222}
{"level":"info","ts":"2024-08-09T08:59:52.504Z","msg":"[User] Successfully return user info: 809e5e8f-1cee-444e-ac20-f9e476dcc580","func":"user.getUserInfo","file":"/home/guang-shun-coin-action/api/user/user.go","line":222}
{"level":"info","ts":"2024-08-09T08:59:52.504Z","msg":"[User] Successfully return user info: 809e5e8f-1cee-444e-ac20-f9e476dcc580","func":"user.getUserInfo","file":"/home/guang-shun-coin-action/api/user/user.go","line":222}
{"level":"info","ts":"2024-08-09T08:59:57.738Z","msg":"[User] Successfully return user info: 809e5e8f-1cee-444e-ac20-f9e476dcc580","func":"user.getUserInfo","file":"/home/guang-shun-coin-action/api/user/user.go","line":222}
{"level":"info","ts":"2024-08-09T08:59:57.741Z","msg":"[User] Successfully return user info: 809e5e8f-1cee-444e-ac20-f9e476dcc580","func":"user.getUserInfo","file":"/home/guang-shun-coin-action/api/user/user.go","line":222}
{"level":"info","ts":"2024-08-09T09:00:09.732Z","msg":"[User] Successfully return user info: 809e5e8f-1cee-444e-ac20-f9e476dcc580","func":"user.getUserInfo","file":"/home/guang-shun-coin-action/api/user/user.go","line":222}
{"level":"info","ts":"2024-08-09T09:00:09.739Z","msg":"[User] Successfully return user info: 809e5e8f-1cee-444e-ac20-f9e476dcc580","func":"user.getUserInfo","file":"/home/guang-shun-coin-action/api/user/user.go","line":222}
{"level":"info","ts":"2024-08-09T09:00:10.908Z","msg":"[User] Successfully return user info: 809e5e8f-1cee-444e-ac20-f9e476dcc580","func":"user.getUserInfo","file":"/home/guang-shun-coin-action/api/user/user.go","line":222}
{"level":"info","ts":"2024-08-09T09:00:10.922Z","msg":"[User] Successfully return user info: 809e5e8f-1cee-444e-ac20-f9e476dcc580","func":"user.getUserInfo","file":"/home/guang-shun-coin-action/api/user/user.go","line":222}
{"level":"info","ts":"2024-08-09T09:00:12.316Z","msg":"[User] Successfully return user info: 809e5e8f-1cee-444e-ac20-f9e476dcc580","func":"user.getUserInfo","file":"/home/guang-shun-coin-action/api/user/user.go","line":222}
{"level":"info","ts":"2024-08-09T09:00:12.316Z","msg":"[User] Successfully return user info: 809e5e8f-1cee-444e-ac20-f9e476dcc580","func":"user.getUserInfo","file":"/home/guang-shun-coin-action/api/user/user.go","line":222}
{"level":"info","ts":"2024-08-09T09:00:13.567Z","msg":"[User] Successfully return user info: 809e5e8f-1cee-444e-ac20-f9e476dcc580","func":"user.getUserInfo","file":"/home/guang-shun-coin-action/api/user/user.go","line":222}
{"level":"info","ts":"2024-08-09T09:00:13.573Z","msg":"[User] Successfully return user info: 809e5e8f-1cee-444e-ac20-f9e476dcc580","func":"user.getUserInfo","file":"/home/guang-shun-coin-action/api/user/user.go","line":222}
{"level":"info","ts":"2024-08-09T09:00:15.144Z","msg":"[User] Successfully return user info: 809e5e8f-1cee-444e-ac20-f9e476dcc580","func":"user.getUserInfo","file":"/home/guang-shun-coin-action/api/user/user.go","line":222}
{"level":"info","ts":"2024-08-09T09:00:15.145Z","msg":"[User] Successfully return user info: 809e5e8f-1cee-444e-ac20-f9e476dcc580","func":"user.getUserInfo","file":"/home/guang-shun-coin-action/api/user/user.go","line":222}
{"level":"info","ts":"2024-08-09T09:00:16.035Z","msg":"[User] Successfully return user info: 809e5e8f-1cee-444e-ac20-f9e476dcc580","func":"user.getUserInfo","file":"/home/guang-shun-coin-action/api/user/user.go","line":222}
{"level":"info","ts":"2024-08-09T09:00:16.082Z","msg":"[User] Successfully return user info: 809e5e8f-1cee-444e-ac20-f9e476dcc580","func":"user.getUserInfo","file":"/home/guang-shun-coin-action/api/user/user.go","line":222}
